// Jest Snapshot v1, https://goo.gl/fbAQLP

exports[`Pruebas en el componente PokemonList Debe de renderizar el componente correctamente 1`] = `
<div
  className="PokemonList"
>
  <header
    className="List__header"
  >
    <div
      className="container"
    >
      <h1>
        Pok√©dex
      </h1>
    </div>
  </header>
  <main
    className="container List__main"
  >
    <Spinner />
  </main>
</div>
`;
