// Jest Snapshot v1, https://goo.gl/fbAQLP

exports[`Pruebas en el componente <Spinner /> Debe de renderizar el componente correctamente 1`] = `
<div
  className="pokemon"
/>
`;
